// Jest Snapshot v1, https://goo.gl/fbAQLP

exports[`MovieTile should render correctly 1`] = `ShallowWrapper {}`;
