// Jest Snapshot v1, https://goo.gl/fbAQLP

exports[`SearchForm should render correctly 1`] = `ShallowWrapper {}`;
