// Jest Snapshot v1, https://goo.gl/fbAQLP

exports[`MovieInfo should render correctly 1`] = `ShallowWrapper {}`;
