// Jest Snapshot v1, https://goo.gl/fbAQLP

exports[`DetailPage should render correctly 1`] = `ShallowWrapper {}`;
