// Jest Snapshot v1, https://goo.gl/fbAQLP

exports[`MovieGenre should render correctly 1`] = `ShallowWrapper {}`;
